// Jest Snapshot v1, https://goo.gl/fbAQLP

exports[`Overlay matches snapshot 1`] = `
.c0 {
  background: rgba(0,0,0,0.6);
  position: fixed;
  left: 0;
  right: 0;
  bottom: 0;
  top: 0;
  opacity: 0;
  -webkit-transition: opacity 0.3s 0ms cubic-bezier(0,0,0.2,1);
  transition: opacity 0.3s 0ms cubic-bezier(0,0,0.2,1);
  will-change: opacity;
  pointer-events: none;
  contain: strict;
  overflow: hidden;
  z-index: 4;
}

<BaseOverlay
  className="c0"
  onClick={[MockFunction]}
>
  Content stuff!
</BaseOverlay>
`;
